<html>
<body>
<pre>
<h1>µVision Build Log</h1>
<h2>Project:</h2>
C:\Users\Heang\Documents\acsm\leddttest\leddttest.uvproj
Project File Date:  10/02/2020

<h2>Output:</h2>
compiling main.c...
USER\main.c(14): warning:  #177-D: variable "keyValue" was declared but never referenced
USER\main.c(15): warning:  #177-D: variable "leddtx" was declared but never referenced
USER\main.c(15): warning:  #177-D: variable "ledx" was declared but never referenced
USER\main.c(15): warning:  #177-D: variable "buzzerx" was declared but never referenced
"USER\main.c" - 0 Errors, 4 Warning(s).
compiling main.c...
"USER\main.c" - 0 Errors, 0 Warning(s).
*** Note: 'Create Batch File' is active - using 'Rebuild'.
Rebuild target 'Target 1'
assembling startup_stm32f10x_md.s...
compiling clock.c...
USER\clock.c(66): warning:  #1-D: last line of file ends without a newline
compiling key.c...
USER\key.c(12): warning:  #223-D: function "PA5" declared implicitly
USER\key.c(13): warning:  #223-D: function "PA6" declared implicitly
USER\key.c(14): warning:  #223-D: function "PA7" declared implicitly
compiling leddt.c...
USER\leddt.c(147): warning:  #1-D: last line of file ends without a newline
compiling main.c...
compiling myconfig.c...
USER\myconfig.c(18): warning:  #223-D: function "PA4" declared implicitly
USER\myconfig.c(19): warning:  #223-D: function "PB2" declared implicitly
USER\myconfig.c(20): warning:  #223-D: function "PB10" declared implicitly
USER\myconfig.c(21): warning:  #223-D: function "PB7" declared implicitly
USER\myconfig.c(22): warning:  #223-D: function "PB11" declared implicitly
USER\myconfig.c(23): warning:  #223-D: function "PB8" declared implicitly
USER\myconfig.c(48): warning:  #223-D: function "PB9" declared implicitly
USER\myconfig.c(112): warning:  #1-D: last line of file ends without a newline
compiling stm32f10x_it.c...
compiling SysTick.c...
compiling uln2003.c...
USER\uln2003.c(48): warning:  #1-D: last line of file ends without a newline
compiling misc.c...
compiling stm32f10x_exti.c...
compiling stm32f10x_gpio.c...
compiling stm32f10x_rcc.c...
compiling core_cm3.c...
compiling system_stm32f10x.c...
linking...
.\leddttest.axf: Error: L6200E: Symbol testCase multiply defined (by systick.o and main.o).
".\leddttest.axf" - 1 Errors, 14 Warning(s).
Target not created
compiling main.c...
"USER\main.c" - 0 Errors, 0 Warning(s).
*** Note: 'Create Batch File' is active - using 'Rebuild'.
Rebuild target 'Target 1'
assembling startup_stm32f10x_md.s...
compiling clock.c...
USER\clock.c(66): warning:  #1-D: last line of file ends without a newline
compiling key.c...
USER\key.c(12): warning:  #223-D: function "PA5" declared implicitly
USER\key.c(13): warning:  #223-D: function "PA6" declared implicitly
USER\key.c(14): warning:  #223-D: function "PA7" declared implicitly
compiling leddt.c...
USER\leddt.c(147): warning:  #1-D: last line of file ends without a newline
compiling main.c...
compiling myconfig.c...
USER\myconfig.c(18): warning:  #223-D: function "PA4" declared implicitly
USER\myconfig.c(19): warning:  #223-D: function "PB2" declared implicitly
USER\myconfig.c(20): warning:  #223-D: function "PB10" declared implicitly
USER\myconfig.c(21): warning:  #223-D: function "PB7" declared implicitly
USER\myconfig.c(22): warning:  #223-D: function "PB11" declared implicitly
USER\myconfig.c(23): warning:  #223-D: function "PB8" declared implicitly
USER\myconfig.c(48): warning:  #223-D: function "PB9" declared implicitly
USER\myconfig.c(112): warning:  #1-D: last line of file ends without a newline
compiling stm32f10x_it.c...
compiling SysTick.c...
USER\SysTick.c(35): error:  #20: identifier "testCase" is undefined
compiling uln2003.c...
USER\uln2003.c(48): warning:  #1-D: last line of file ends without a newline
compiling misc.c...
compiling stm32f10x_exti.c...
compiling stm32f10x_gpio.c...
compiling stm32f10x_rcc.c...
compiling core_cm3.c...
compiling system_stm32f10x.c...
".\leddttest.axf" - 1 Errors, 14 Warning(s).
Target not created
compiling main.c...
"USER\main.c" - 0 Errors, 0 Warning(s).
*** Note: 'Create Batch File' is active - using 'Rebuild'.
Rebuild target 'Target 1'
assembling startup_stm32f10x_md.s...
compiling clock.c...
USER\clock.c(66): warning:  #1-D: last line of file ends without a newline
compiling key.c...
USER\key.c(12): warning:  #223-D: function "PA5" declared implicitly
USER\key.c(13): warning:  #223-D: function "PA6" declared implicitly
USER\key.c(14): warning:  #223-D: function "PA7" declared implicitly
compiling leddt.c...
USER\leddt.c(147): warning:  #1-D: last line of file ends without a newline
compiling main.c...
compiling myconfig.c...
USER\myconfig.c(18): warning:  #223-D: function "PA4" declared implicitly
USER\myconfig.c(19): warning:  #223-D: function "PB2" declared implicitly
USER\myconfig.c(20): warning:  #223-D: function "PB10" declared implicitly
USER\myconfig.c(21): warning:  #223-D: function "PB7" declared implicitly
USER\myconfig.c(22): warning:  #223-D: function "PB11" declared implicitly
USER\myconfig.c(23): warning:  #223-D: function "PB8" declared implicitly
USER\myconfig.c(48): warning:  #223-D: function "PB9" declared implicitly
USER\myconfig.c(112): warning:  #1-D: last line of file ends without a newline
compiling stm32f10x_it.c...
compiling uln2003.c...
USER\uln2003.c(48): warning:  #1-D: last line of file ends without a newline
compiling misc.c...
compiling stm32f10x_exti.c...
compiling stm32f10x_gpio.c...
compiling stm32f10x_rcc.c...
compiling core_cm3.c...
compiling system_stm32f10x.c...
linking...
.\leddttest.axf: Error: L6218E: Undefined symbol PA5 (referred from key.o).
.\leddttest.axf: Error: L6218E: Undefined symbol PA6 (referred from key.o).
.\leddttest.axf: Error: L6218E: Undefined symbol PA7 (referred from key.o).
.\leddttest.axf: Error: L6218E: Undefined symbol PA4 (referred from myconfig.o).
.\leddttest.axf: Error: L6218E: Undefined symbol PB10 (referred from myconfig.o).
.\leddttest.axf: Error: L6218E: Undefined symbol PB11 (referred from myconfig.o).
.\leddttest.axf: Error: L6218E: Undefined symbol PB2 (referred from myconfig.o).
.\leddttest.axf: Error: L6218E: Undefined symbol PB7 (referred from myconfig.o).
.\leddttest.axf: Error: L6218E: Undefined symbol PB8 (referred from myconfig.o).
.\leddttest.axf: Error: L6218E: Undefined symbol PB9 (referred from myconfig.o).
.\leddttest.axf: Error: L6218E: Undefined symbol TimingDelay_Decrement (referred from stm32f10x_it.o).
".\leddttest.axf" - 11 Errors, 14 Warning(s).
Target not created
compiling main.c...
"USER\main.c" - 0 Errors, 0 Warning(s).
*** Note: 'Create Batch File' is active - using 'Rebuild'.
Rebuild target 'Target 1'
assembling startup_stm32f10x_md.s...
compiling clock.c...
USER\clock.c(66): warning:  #1-D: last line of file ends without a newline
compiling key.c...
USER\key.c(12): warning:  #223-D: function "PA5" declared implicitly
USER\key.c(13): warning:  #223-D: function "PA6" declared implicitly
USER\key.c(14): warning:  #223-D: function "PA7" declared implicitly
compiling leddt.c...
USER\leddt.c(147): warning:  #1-D: last line of file ends without a newline
compiling main.c...
compiling myconfig.c...
USER\myconfig.c(19): warning:  #223-D: function "PA4" declared implicitly
USER\myconfig.c(20): warning:  #223-D: function "PB2" declared implicitly
USER\myconfig.c(21): warning:  #223-D: function "PB10" declared implicitly
USER\myconfig.c(22): warning:  #223-D: function "PB7" declared implicitly
USER\myconfig.c(23): warning:  #223-D: function "PB11" declared implicitly
USER\myconfig.c(24): warning:  #223-D: function "PB8" declared implicitly
USER\myconfig.c(49): warning:  #223-D: function "PB9" declared implicitly
USER\myconfig.c(113): warning:  #1-D: last line of file ends without a newline
compiling stm32f10x_it.c...
compiling uln2003.c...
USER\uln2003.c(48): warning:  #1-D: last line of file ends without a newline
compiling misc.c...
compiling stm32f10x_exti.c...
compiling stm32f10x_gpio.c...
compiling stm32f10x_rcc.c...
compiling core_cm3.c...
compiling system_stm32f10x.c...
linking...
.\leddttest.axf: Error: L6218E: Undefined symbol PA5 (referred from key.o).
.\leddttest.axf: Error: L6218E: Undefined symbol PA6 (referred from key.o).
.\leddttest.axf: Error: L6218E: Undefined symbol PA7 (referred from key.o).
.\leddttest.axf: Error: L6218E: Undefined symbol PA4 (referred from myconfig.o).
.\leddttest.axf: Error: L6218E: Undefined symbol PB10 (referred from myconfig.o).
.\leddttest.axf: Error: L6218E: Undefined symbol PB11 (referred from myconfig.o).
.\leddttest.axf: Error: L6218E: Undefined symbol PB2 (referred from myconfig.o).
.\leddttest.axf: Error: L6218E: Undefined symbol PB7 (referred from myconfig.o).
.\leddttest.axf: Error: L6218E: Undefined symbol PB8 (referred from myconfig.o).
.\leddttest.axf: Error: L6218E: Undefined symbol PB9 (referred from myconfig.o).
.\leddttest.axf: Error: L6218E: Undefined symbol TimingDelay_Decrement (referred from stm32f10x_it.o).
".\leddttest.axf" - 11 Errors, 14 Warning(s).
Target not created
*** Note: 'Create Batch File' is active - using 'Rebuild'.
Rebuild target 'Target 1'
assembling startup_stm32f10x_md.s...
compiling clock.c...
USER\clock.c(66): warning:  #1-D: last line of file ends without a newline
compiling key.c...
compiling leddt.c...
USER\leddt.c(147): warning:  #1-D: last line of file ends without a newline
compiling main.c...
compiling myconfig.c...
USER\myconfig.c(19): warning:  #223-D: function "PA4" declared implicitly
USER\myconfig.c(20): warning:  #223-D: function "PB2" declared implicitly
USER\myconfig.c(21): warning:  #223-D: function "PB10" declared implicitly
USER\myconfig.c(22): warning:  #223-D: function "PB7" declared implicitly
USER\myconfig.c(23): warning:  #223-D: function "PB11" declared implicitly
USER\myconfig.c(24): warning:  #223-D: function "PB8" declared implicitly
USER\myconfig.c(49): warning:  #223-D: function "PB9" declared implicitly
USER\myconfig.c(113): warning:  #1-D: last line of file ends without a newline
compiling stm32f10x_it.c...
compiling uln2003.c...
USER\uln2003.c(48): warning:  #1-D: last line of file ends without a newline
compiling misc.c...
compiling stm32f10x_exti.c...
compiling stm32f10x_gpio.c...
compiling stm32f10x_rcc.c...
compiling core_cm3.c...
compiling system_stm32f10x.c...
linking...
.\leddttest.axf: Error: L6218E: Undefined symbol PA4 (referred from myconfig.o).
.\leddttest.axf: Error: L6218E: Undefined symbol PB10 (referred from myconfig.o).
.\leddttest.axf: Error: L6218E: Undefined symbol PB11 (referred from myconfig.o).
.\leddttest.axf: Error: L6218E: Undefined symbol PB2 (referred from myconfig.o).
.\leddttest.axf: Error: L6218E: Undefined symbol PB7 (referred from myconfig.o).
.\leddttest.axf: Error: L6218E: Undefined symbol PB8 (referred from myconfig.o).
.\leddttest.axf: Error: L6218E: Undefined symbol PB9 (referred from myconfig.o).
.\leddttest.axf: Error: L6218E: Undefined symbol TimingDelay_Decrement (referred from stm32f10x_it.o).
".\leddttest.axf" - 8 Errors, 11 Warning(s).
Target not created
*** Note: 'Create Batch File' is active - using 'Rebuild'.
Rebuild target 'Target 1'
assembling startup_stm32f10x_md.s...
compiling clock.c...
USER\clock.c(66): warning:  #1-D: last line of file ends without a newline
compiling key.c...
compiling leddt.c...
USER\leddt.c(147): warning:  #1-D: last line of file ends without a newline
compiling main.c...
compiling myconfig.c...
USER\myconfig.c(20): warning:  #223-D: function "PA4" declared implicitly
USER\myconfig.c(21): warning:  #223-D: function "PB2" declared implicitly
USER\myconfig.c(22): warning:  #223-D: function "PB10" declared implicitly
USER\myconfig.c(23): warning:  #223-D: function "PB7" declared implicitly
USER\myconfig.c(24): warning:  #223-D: function "PB11" declared implicitly
USER\myconfig.c(25): warning:  #223-D: function "PB8" declared implicitly
USER\myconfig.c(50): warning:  #223-D: function "PB9" declared implicitly
USER\myconfig.c(114): warning:  #1-D: last line of file ends without a newline
compiling stm32f10x_it.c...
compiling uln2003.c...
USER\uln2003.c(48): warning:  #1-D: last line of file ends without a newline
compiling misc.c...
compiling stm32f10x_exti.c...
compiling stm32f10x_gpio.c...
compiling stm32f10x_rcc.c...
compiling core_cm3.c...
compiling system_stm32f10x.c...
linking...
.\leddttest.axf: Error: L6218E: Undefined symbol PA4 (referred from myconfig.o).
.\leddttest.axf: Error: L6218E: Undefined symbol PB10 (referred from myconfig.o).
.\leddttest.axf: Error: L6218E: Undefined symbol PB11 (referred from myconfig.o).
.\leddttest.axf: Error: L6218E: Undefined symbol PB2 (referred from myconfig.o).
.\leddttest.axf: Error: L6218E: Undefined symbol PB7 (referred from myconfig.o).
.\leddttest.axf: Error: L6218E: Undefined symbol PB8 (referred from myconfig.o).
.\leddttest.axf: Error: L6218E: Undefined symbol PB9 (referred from myconfig.o).
.\leddttest.axf: Error: L6218E: Undefined symbol TimingDelay_Decrement (referred from stm32f10x_it.o).
".\leddttest.axf" - 8 Errors, 11 Warning(s).
Target not created
compiling main.c...
USER\leddt.h(5): error:  #5: cannot open source input file "iopush.h": No such file or directory
"USER\main.c" - 1 Errors, 0 Warning(s).
*** Note: 'Create Batch File' is active - using 'Rebuild'.
Rebuild target 'Target 1'
assembling startup_stm32f10x_md.s...
compiling leddt.c...
USER\leddt.h(5): error:  #5: cannot open source input file "iopush.h": No such file or directory
compiling main.c...
USER\leddt.h(5): error:  #5: cannot open source input file "iopush.h": No such file or directory
compiling stm32f10x_it.c...
USER\stm32f10x_it.h(27): error:  #5: cannot open source input file "iopush.h": No such file or directory
compiling misc.c...
compiling stm32f10x_exti.c...
compiling stm32f10x_gpio.c...
compiling stm32f10x_rcc.c...
compiling core_cm3.c...
compiling system_stm32f10x.c...
".\leddttest.axf" - 3 Errors, 0 Warning(s).
Target not created
compiling main.c...
USER\leddt.h(5): error:  #5: cannot open source input file "iopush.h": No such file or directory
"USER\main.c" - 1 Errors, 0 Warning(s).
compiling main.c...
"USER\main.c" - 0 Errors, 0 Warning(s).
*** Note: 'Create Batch File' is active - using 'Rebuild'.
Rebuild target 'Target 1'
assembling startup_stm32f10x_md.s...
compiling leddt.c...
USER\leddt.c(170): warning:  #1-D: last line of file ends without a newline
compiling main.c...
compiling stm32f10x_it.c...
USER\stm32f10x_it.h(27): error:  #5: cannot open source input file "iopush.h": No such file or directory
compiling misc.c...
compiling stm32f10x_exti.c...
compiling stm32f10x_gpio.c...
compiling stm32f10x_rcc.c...
compiling core_cm3.c...
compiling system_stm32f10x.c...
".\leddttest.axf" - 1 Errors, 1 Warning(s).
Target not created
*** Note: 'Create Batch File' is active - using 'Rebuild'.
Rebuild target 'Target 1'
assembling startup_stm32f10x_md.s...
compiling leddt.c...
USER\leddt.c(170): warning:  #1-D: last line of file ends without a newline
compiling main.c...
compiling stm32f10x_it.c...
compiling misc.c...
compiling stm32f10x_exti.c...
compiling stm32f10x_gpio.c...
compiling stm32f10x_rcc.c...
compiling core_cm3.c...
compiling system_stm32f10x.c...
linking...
.\leddttest.axf: Error: L6218E: Undefined symbol TimingDelay_Decrement (referred from stm32f10x_it.o).
".\leddttest.axf" - 1 Errors, 1 Warning(s).
Target not created
compiling main.c...
USER\main.c(11): warning:  #111-D: statement is unreachable
"USER\main.c" - 0 Errors, 1 Warning(s).
*** Note: 'Create Batch File' is active - using 'Rebuild'.
Rebuild target 'Target 1'
assembling startup_stm32f10x_md.s...
compiling leddt.c...
USER\leddt.c(170): warning:  #1-D: last line of file ends without a newline
compiling main.c...
USER\main.c(11): warning:  #111-D: statement is unreachable
compiling stm32f10x_it.c...
compiling misc.c...
compiling stm32f10x_exti.c...
compiling stm32f10x_gpio.c...
compiling stm32f10x_rcc.c...
compiling core_cm3.c...
compiling system_stm32f10x.c...
linking...
.\leddttest.axf: Error: L6218E: Undefined symbol TimingDelay_Decrement (referred from stm32f10x_it.o).
".\leddttest.axf" - 1 Errors, 2 Warning(s).
Target not created
*** Note: 'Create Batch File' is active - using 'Rebuild'.
Rebuild target 'Target 1'
assembling startup_stm32f10x_md.s...
compiling leddt.c...
USER\leddt.c(170): warning:  #1-D: last line of file ends without a newline
compiling main.c...
USER\main.c(18): warning:  #111-D: statement is unreachable
compiling stm32f10x_it.c...
compiling misc.c...
compiling stm32f10x_exti.c...
compiling stm32f10x_gpio.c...
compiling stm32f10x_rcc.c...
compiling core_cm3.c...
compiling system_stm32f10x.c...
linking...
.\leddttest.axf: Error: L6200E: Symbol SystemInit multiply defined (by system_stm32f10x.o and main.o).
".\leddttest.axf" - 1 Errors, 2 Warning(s).
Target not created
compiling main.c...
USER\main.c(6): error:  #169: expected a declaration
USER\main.c(18): warning:  #111-D: statement is unreachable
"USER\main.c" - 1 Errors, 1 Warning(s).
compiling main.c...
USER\main.c(14): warning:  #111-D: statement is unreachable
"USER\main.c" - 0 Errors, 1 Warning(s).
*** Note: 'Create Batch File' is active - using 'Rebuild'.
Rebuild target 'Target 1'
assembling startup_stm32f10x_md.s...
compiling leddt.c...
USER\leddt.c(170): warning:  #1-D: last line of file ends without a newline
compiling main.c...
USER\main.c(14): warning:  #111-D: statement is unreachable
compiling stm32f10x_it.c...
compiling misc.c...
compiling stm32f10x_exti.c...
compiling stm32f10x_gpio.c...
compiling stm32f10x_rcc.c...
compiling core_cm3.c...
compiling system_stm32f10x.c...
linking...
.\leddttest.axf: Error: L6218E: Undefined symbol TimingDelay_Decrement (referred from stm32f10x_it.o).
".\leddttest.axf" - 1 Errors, 2 Warning(s).
Target not created
compiling main.c...
USER\main.c(14): warning:  #111-D: statement is unreachable
"USER\main.c" - 0 Errors, 1 Warning(s).
*** Note: 'Create Batch File' is active - using 'Rebuild'.
Rebuild target 'Target 1'
assembling startup_stm32f10x_md.s...
compiling leddt.c...
USER\leddt.c(170): warning:  #1-D: last line of file ends without a newline
compiling main.c...
USER\main.c(14): warning:  #111-D: statement is unreachable
compiling stm32f10x_it.c...
compiling misc.c...
compiling stm32f10x_exti.c...
compiling stm32f10x_gpio.c...
compiling stm32f10x_rcc.c...
compiling core_cm3.c...
compiling system_stm32f10x.c...
linking...
.\leddttest.axf: Error: L6218E: Undefined symbol TimingDelay_Decrement (referred from stm32f10x_it.o).
".\leddttest.axf" - 1 Errors, 2 Warning(s).
Target not created
compiling main.c...
USER\main.c(14): warning:  #111-D: statement is unreachable
"USER\main.c" - 0 Errors, 1 Warning(s).
*** Note: 'Create Batch File' is active - using 'Rebuild'.
Rebuild target 'Target 1'
assembling startup_stm32f10x_md.s...
compiling leddt.c...
USER\leddt.c(170): warning:  #1-D: last line of file ends without a newline
compiling main.c...
USER\main.c(14): warning:  #111-D: statement is unreachable
compiling stm32f10x_it.c...
compiling misc.c...
compiling stm32f10x_exti.c...
compiling stm32f10x_gpio.c...
compiling stm32f10x_rcc.c...
compiling core_cm3.c...
compiling system_stm32f10x.c...
linking...
.\leddttest.axf: Error: L6218E: Undefined symbol TimingDelay_Decrement (referred from stm32f10x_it.o).
".\leddttest.axf" - 1 Errors, 2 Warning(s).
Target not created
*** Note: 'Create Batch File' is active - using 'Rebuild'.
Rebuild target 'Target 1'
assembling startup_stm32f10x_md.s...
compiling leddt.c...
USER\leddt.c(170): warning:  #1-D: last line of file ends without a newline
compiling main.c...
USER\main.c(14): warning:  #111-D: statement is unreachable
compiling stm32f10x_it.c...
compiling misc.c...
compiling stm32f10x_exti.c...
compiling stm32f10x_gpio.c...
compiling stm32f10x_rcc.c...
compiling core_cm3.c...
compiling system_stm32f10x.c...
linking...
.\leddttest.axf: Error: L6218E: Undefined symbol TimingDelay_Decrement (referred from stm32f10x_it.o).
".\leddttest.axf" - 1 Errors, 2 Warning(s).
Target not created
*** Note: 'Create Batch File' is active - using 'Rebuild'.
Rebuild target 'Target 1'
assembling startup_stm32f10x_md.s...
compiling leddt.c...
USER\leddt.c(170): warning:  #1-D: last line of file ends without a newline
compiling main.c...
USER\main.c(15): warning:  #111-D: statement is unreachable
compiling stm32f10x_it.c...
compiling misc.c...
compiling stm32f10x_exti.c...
compiling stm32f10x_gpio.c...
compiling stm32f10x_rcc.c...
compiling core_cm3.c...
compiling system_stm32f10x.c...
linking...
.\leddttest.axf: Error: L6218E: Undefined symbol TimingDelay_Decrement (referred from stm32f10x_it.o).
".\leddttest.axf" - 1 Errors, 2 Warning(s).
Target not created
*** Note: 'Create Batch File' is active - using 'Rebuild'.
Rebuild target 'Target 1'
assembling startup_stm32f10x_md.s...
compiling leddt.c...
USER\leddt.c(170): warning:  #1-D: last line of file ends without a newline
compiling main.c...
USER\main.c(15): warning:  #111-D: statement is unreachable
compiling stm32f10x_it.c...
compiling misc.c...
compiling stm32f10x_exti.c...
compiling stm32f10x_gpio.c...
compiling stm32f10x_rcc.c...
compiling core_cm3.c...
compiling system_stm32f10x.c...
linking...
.\leddttest.axf: Error: L6218E: Undefined symbol TimingDelay_Decrement (referred from stm32f10x_it.o).
".\leddttest.axf" - 1 Errors, 2 Warning(s).
Target not created
compiling stm32f10x_it.c...
"USER\stm32f10x_it.c" - 0 Errors, 0 Warning(s).
*** Note: 'Create Batch File' is active - using 'Rebuild'.
Rebuild target 'Target 1'
assembling startup_stm32f10x_md.s...
compiling leddt.c...
USER\leddt.c(170): warning:  #1-D: last line of file ends without a newline
compiling main.c...
USER\main.c(15): warning:  #111-D: statement is unreachable
compiling stm32f10x_it.c...
compiling misc.c...
compiling stm32f10x_exti.c...
compiling stm32f10x_gpio.c...
compiling stm32f10x_rcc.c...
compiling core_cm3.c...
compiling system_stm32f10x.c...
linking...
.\leddttest.axf: Error: L6218E: Undefined symbol TimingDelay_Decrement (referred from stm32f10x_it.o).
".\leddttest.axf" - 1 Errors, 2 Warning(s).
Target not created
Rebuild target 'Target 1'
assembling startup_stm32f10x_md.s...
compiling leddt.c...
USER\leddt.c(170): warning:  #1-D: last line of file ends without a newline
compiling main.c...
USER\main.c(15): warning:  #111-D: statement is unreachable
compiling stm32f10x_it.c...
compiling SysTick.c...
compiling misc.c...
compiling stm32f10x_exti.c...
compiling stm32f10x_gpio.c...
compiling stm32f10x_rcc.c...
compiling core_cm3.c...
compiling system_stm32f10x.c...
linking...
Program Size: Code=3536 RO-data=268 RW-data=52 ZI-data=1636  
FromELF: creating hex file...
".\leddttest.axf" - 0 Errors, 2 Warning(s).
Rebuild target 'Target 1'
assembling startup_stm32f10x_md.s...
compiling leddt.c...
USER\leddt.c(170): warning:  #1-D: last line of file ends without a newline
compiling main.c...
USER\main.c(15): warning:  #111-D: statement is unreachable
compiling stm32f10x_it.c...
compiling SysTick.c...
compiling misc.c...
compiling stm32f10x_exti.c...
compiling stm32f10x_gpio.c...
compiling stm32f10x_rcc.c...
compiling core_cm3.c...
compiling system_stm32f10x.c...
linking...
Program Size: Code=3536 RO-data=268 RW-data=52 ZI-data=1636  
FromELF: creating hex file...
".\leddttest.axf" - 0 Errors, 2 Warning(s).
*** Note: 'Create Batch File' is active - using 'Rebuild'.
Rebuild target 'Target 1'
assembling startup_stm32f10x_md.s...
compiling leddt.c...
USER\leddt.c(170): warning:  #1-D: last line of file ends without a newline
compiling main.c...
USER\main.c(17): warning:  #111-D: statement is unreachable
compiling stm32f10x_it.c...
compiling SysTick.c...
compiling misc.c...
compiling stm32f10x_exti.c...
compiling stm32f10x_gpio.c...
compiling stm32f10x_rcc.c...
compiling core_cm3.c...
compiling system_stm32f10x.c...
linking...
.\leddttest.axf: Error: L6200E: Symbol testCase multiply defined (by systick.o and main.o).
".\leddttest.axf" - 1 Errors, 2 Warning(s).
Target not created
*** Note: 'Create Batch File' is active - using 'Rebuild'.
Rebuild target 'Target 1'
assembling startup_stm32f10x_md.s...
compiling leddt.c...
USER\leddt.c(170): warning:  #1-D: last line of file ends without a newline
compiling main.c...
USER\main.c(17): warning:  #111-D: statement is unreachable
compiling stm32f10x_it.c...
compiling SysTick.c...
compiling misc.c...
compiling stm32f10x_exti.c...
compiling stm32f10x_gpio.c...
compiling stm32f10x_rcc.c...
compiling core_cm3.c...
compiling system_stm32f10x.c...
linking...
.\leddttest.axf: Error: L6200E: Symbol testCase multiply defined (by systick.o and main.o).
".\leddttest.axf" - 1 Errors, 2 Warning(s).
Target not created
Rebuild target 'Target 1'
assembling startup_stm32f10x_md.s...
compiling leddt.c...
USER\leddt.c(170): warning:  #1-D: last line of file ends without a newline
compiling main.c...
USER\main.c(17): warning:  #111-D: statement is unreachable
compiling stm32f10x_it.c...
compiling SysTick.c...
compiling misc.c...
compiling stm32f10x_exti.c...
compiling stm32f10x_gpio.c...
compiling stm32f10x_rcc.c...
compiling core_cm3.c...
compiling system_stm32f10x.c...
linking...
Program Size: Code=3484 RO-data=268 RW-data=48 ZI-data=1632  
FromELF: creating hex file...
".\leddttest.axf" - 0 Errors, 2 Warning(s).
Rebuild target 'Target 1'
assembling startup_stm32f10x_md.s...
compiling leddt.c...
USER\leddt.c(170): warning:  #1-D: last line of file ends without a newline
compiling main.c...
USER\main.c(16): warning:  #111-D: statement is unreachable
compiling stm32f10x_it.c...
compiling SysTick.c...
compiling misc.c...
compiling stm32f10x_exti.c...
compiling stm32f10x_gpio.c...
compiling stm32f10x_rcc.c...
compiling core_cm3.c...
compiling system_stm32f10x.c...
linking...
Program Size: Code=3484 RO-data=268 RW-data=48 ZI-data=1632  
FromELF: creating hex file...
".\leddttest.axf" - 0 Errors, 2 Warning(s).
Rebuild target 'Target 1'
assembling startup_stm32f10x_md.s...
compiling leddt.c...
USER\leddt.c(170): warning:  #1-D: last line of file ends without a newline
compiling main.c...
USER\main.c(16): warning:  #111-D: statement is unreachable
compiling stm32f10x_it.c...
compiling SysTick.c...
compiling misc.c...
compiling stm32f10x_exti.c...
compiling stm32f10x_gpio.c...
compiling stm32f10x_rcc.c...
compiling core_cm3.c...
compiling system_stm32f10x.c...
linking...
Program Size: Code=3484 RO-data=268 RW-data=48 ZI-data=1632  
FromELF: creating hex file...
".\leddttest.axf" - 0 Errors, 2 Warning(s).
Rebuild target 'Target 1'
assembling startup_stm32f10x_md.s...
compiling leddt.c...
USER\leddt.c(170): warning:  #1-D: last line of file ends without a newline
compiling main.c...
USER\main.c(16): warning:  #111-D: statement is unreachable
compiling stm32f10x_it.c...
compiling SysTick.c...
compiling misc.c...
compiling stm32f10x_exti.c...
compiling stm32f10x_gpio.c...
compiling stm32f10x_rcc.c...
compiling core_cm3.c...
compiling system_stm32f10x.c...
linking...
Program Size: Code=3484 RO-data=268 RW-data=48 ZI-data=1632  
FromELF: creating hex file...
".\leddttest.axf" - 0 Errors, 2 Warning(s).
Rebuild target 'Target 1'
assembling startup_stm32f10x_md.s...
compiling leddt.c...
USER\leddt.c(170): warning:  #1-D: last line of file ends without a newline
compiling main.c...
USER\main.c(18): warning:  #111-D: statement is unreachable
compiling stm32f10x_it.c...
compiling SysTick.c...
compiling misc.c...
compiling stm32f10x_exti.c...
compiling stm32f10x_gpio.c...
compiling stm32f10x_rcc.c...
compiling core_cm3.c...
compiling system_stm32f10x.c...
linking...
Program Size: Code=3500 RO-data=268 RW-data=48 ZI-data=1632  
FromELF: creating hex file...
".\leddttest.axf" - 0 Errors, 2 Warning(s).
Rebuild target 'Target 1'
assembling startup_stm32f10x_md.s...
compiling leddt.c...
USER\leddt.c(170): warning:  #1-D: last line of file ends without a newline
compiling main.c...
USER\main.c(19): warning:  #111-D: statement is unreachable
compiling stm32f10x_it.c...
compiling SysTick.c...
compiling misc.c...
compiling stm32f10x_exti.c...
compiling stm32f10x_gpio.c...
compiling stm32f10x_rcc.c...
compiling core_cm3.c...
compiling system_stm32f10x.c...
linking...
Program Size: Code=3504 RO-data=268 RW-data=48 ZI-data=1632  
FromELF: creating hex file...
".\leddttest.axf" - 0 Errors, 2 Warning(s).
Rebuild target 'Target 1'
assembling startup_stm32f10x_md.s...
compiling leddt.c...
USER\leddt.c(170): warning:  #1-D: last line of file ends without a newline
compiling main.c...
USER\main.c(19): warning:  #111-D: statement is unreachable
compiling stm32f10x_it.c...
compiling SysTick.c...
compiling misc.c...
compiling stm32f10x_exti.c...
compiling stm32f10x_gpio.c...
compiling stm32f10x_rcc.c...
compiling core_cm3.c...
compiling system_stm32f10x.c...
linking...
Program Size: Code=3504 RO-data=268 RW-data=48 ZI-data=1632  
FromELF: creating hex file...
".\leddttest.axf" - 0 Errors, 2 Warning(s).
Rebuild target 'Target 1'
assembling startup_stm32f10x_md.s...
compiling leddt.c...
USER\leddt.c(170): warning:  #1-D: last line of file ends without a newline
compiling main.c...
USER\main.c(19): warning:  #111-D: statement is unreachable
compiling stm32f10x_it.c...
compiling SysTick.c...
compiling misc.c...
compiling stm32f10x_exti.c...
compiling stm32f10x_gpio.c...
compiling stm32f10x_rcc.c...
compiling core_cm3.c...
compiling system_stm32f10x.c...
linking...
Program Size: Code=3504 RO-data=268 RW-data=48 ZI-data=1632  
FromELF: creating hex file...
".\leddttest.axf" - 0 Errors, 2 Warning(s).
Rebuild target 'Target 1'
assembling startup_stm32f10x_md.s...
compiling leddt.c...
USER\leddt.c(170): warning:  #1-D: last line of file ends without a newline
compiling main.c...
USER\main.c(19): warning:  #111-D: statement is unreachable
compiling stm32f10x_it.c...
compiling SysTick.c...
compiling misc.c...
compiling stm32f10x_exti.c...
compiling stm32f10x_gpio.c...
compiling stm32f10x_rcc.c...
compiling core_cm3.c...
compiling system_stm32f10x.c...
linking...
Program Size: Code=3504 RO-data=268 RW-data=48 ZI-data=1632  
FromELF: creating hex file...
".\leddttest.axf" - 0 Errors, 2 Warning(s).
Rebuild target 'Target 1'
assembling startup_stm32f10x_md.s...
compiling leddt.c...
USER\leddt.c(170): warning:  #1-D: last line of file ends without a newline
compiling main.c...
USER\main.c(22): warning:  #111-D: statement is unreachable
compiling stm32f10x_it.c...
compiling SysTick.c...
compiling misc.c...
compiling stm32f10x_exti.c...
compiling stm32f10x_gpio.c...
compiling stm32f10x_rcc.c...
compiling core_cm3.c...
compiling system_stm32f10x.c...
linking...
Program Size: Code=3512 RO-data=268 RW-data=64 ZI-data=1632  
FromELF: creating hex file...
".\leddttest.axf" - 0 Errors, 2 Warning(s).
Rebuild target 'Target 1'
assembling startup_stm32f10x_md.s...
compiling leddt.c...
USER\leddt.c(170): warning:  #1-D: last line of file ends without a newline
compiling main.c...
USER\main.c(22): warning:  #111-D: statement is unreachable
compiling stm32f10x_it.c...
compiling SysTick.c...
compiling misc.c...
compiling stm32f10x_exti.c...
compiling stm32f10x_gpio.c...
compiling stm32f10x_rcc.c...
compiling core_cm3.c...
compiling system_stm32f10x.c...
linking...
Program Size: Code=3512 RO-data=268 RW-data=64 ZI-data=1632  
FromELF: creating hex file...
".\leddttest.axf" - 0 Errors, 2 Warning(s).
Rebuild target 'Target 1'
assembling startup_stm32f10x_md.s...
compiling leddt.c...
USER\leddt.c(84): warning:  #1-D: last line of file ends without a newline
compiling main.c...
USER\main.c(21): warning:  #111-D: statement is unreachable
compiling stm32f10x_it.c...
compiling SysTick.c...
compiling misc.c...
compiling stm32f10x_exti.c...
compiling stm32f10x_gpio.c...
compiling stm32f10x_rcc.c...
compiling core_cm3.c...
compiling system_stm32f10x.c...
linking...
Program Size: Code=3160 RO-data=268 RW-data=64 ZI-data=1632  
FromELF: creating hex file...
".\leddttest.axf" - 0 Errors, 2 Warning(s).
Rebuild target 'Target 1'
assembling startup_stm32f10x_md.s...
compiling leddt.c...
USER\leddt.c(84): warning:  #1-D: last line of file ends without a newline
compiling main.c...
USER\main.c(21): warning:  #111-D: statement is unreachable
compiling stm32f10x_it.c...
compiling SysTick.c...
compiling misc.c...
compiling stm32f10x_exti.c...
compiling stm32f10x_gpio.c...
compiling stm32f10x_rcc.c...
compiling core_cm3.c...
compiling system_stm32f10x.c...
linking...
Program Size: Code=3172 RO-data=268 RW-data=64 ZI-data=1632  
FromELF: creating hex file...
".\leddttest.axf" - 0 Errors, 2 Warning(s).
Rebuild target 'Target 1'
assembling startup_stm32f10x_md.s...
compiling leddt.c...
USER\leddt.c(84): warning:  #1-D: last line of file ends without a newline
compiling main.c...
USER\main.c(21): warning:  #111-D: statement is unreachable
compiling stm32f10x_it.c...
compiling SysTick.c...
compiling misc.c...
compiling stm32f10x_exti.c...
compiling stm32f10x_gpio.c...
compiling stm32f10x_rcc.c...
compiling core_cm3.c...
compiling system_stm32f10x.c...
linking...
Program Size: Code=3172 RO-data=268 RW-data=64 ZI-data=1632  
FromELF: creating hex file...
".\leddttest.axf" - 0 Errors, 2 Warning(s).
Rebuild target 'Target 1'
assembling startup_stm32f10x_md.s...
compiling leddt.c...
USER\leddt.c(93): warning:  #1-D: last line of file ends without a newline
compiling main.c...
USER\main.c(16): warning:  #223-D: function "leddtFirst" declared implicitly
USER\main.c(18): warning:  #223-D: function "leddtSecond" declared implicitly
USER\main.c(21): warning:  #111-D: statement is unreachable
compiling stm32f10x_it.c...
compiling SysTick.c...
compiling misc.c...
compiling stm32f10x_exti.c...
compiling stm32f10x_gpio.c...
compiling stm32f10x_rcc.c...
compiling core_cm3.c...
compiling system_stm32f10x.c...
linking...
Program Size: Code=3164 RO-data=268 RW-data=64 ZI-data=1632  
FromELF: creating hex file...
".\leddttest.axf" - 0 Errors, 4 Warning(s).
Rebuild target 'Target 1'
assembling startup_stm32f10x_md.s...
compiling leddt.c...
USER\leddt.c(93): warning:  #1-D: last line of file ends without a newline
compiling main.c...
USER\main.c(16): warning:  #223-D: function "leddtFirst" declared implicitly
USER\main.c(18): warning:  #223-D: function "leddtSecond" declared implicitly
USER\main.c(36): warning:  #111-D: statement is unreachable
compiling stm32f10x_it.c...
compiling SysTick.c...
compiling misc.c...
compiling stm32f10x_exti.c...
compiling stm32f10x_gpio.c...
compiling stm32f10x_rcc.c...
compiling core_cm3.c...
compiling system_stm32f10x.c...
linking...
Program Size: Code=3260 RO-data=268 RW-data=64 ZI-data=1632  
FromELF: creating hex file...
".\leddttest.axf" - 0 Errors, 4 Warning(s).
Rebuild target 'Target 1'
assembling startup_stm32f10x_md.s...
compiling leddt.c...
USER\leddt.c(93): warning:  #1-D: last line of file ends without a newline
compiling main.c...
USER\main.c(16): warning:  #223-D: function "leddtFirst" declared implicitly
USER\main.c(18): warning:  #223-D: function "leddtSecond" declared implicitly
USER\main.c(36): warning:  #111-D: statement is unreachable
compiling stm32f10x_it.c...
compiling SysTick.c...
compiling misc.c...
compiling stm32f10x_exti.c...
compiling stm32f10x_gpio.c...
compiling stm32f10x_rcc.c...
compiling core_cm3.c...
compiling system_stm32f10x.c...
linking...
Program Size: Code=3256 RO-data=268 RW-data=64 ZI-data=1632  
FromELF: creating hex file...
".\leddttest.axf" - 0 Errors, 4 Warning(s).
Rebuild target 'Target 1'
assembling startup_stm32f10x_md.s...
compiling leddt.c...
USER\leddt.c(93): warning:  #1-D: last line of file ends without a newline
compiling main.c...
USER\main.c(16): warning:  #223-D: function "leddtFirst" declared implicitly
USER\main.c(21): warning:  #111-D: statement is unreachable
compiling stm32f10x_it.c...
compiling SysTick.c...
compiling misc.c...
compiling stm32f10x_exti.c...
compiling stm32f10x_gpio.c...
compiling stm32f10x_rcc.c...
compiling core_cm3.c...
compiling system_stm32f10x.c...
linking...
Program Size: Code=3160 RO-data=268 RW-data=64 ZI-data=1632  
FromELF: creating hex file...
".\leddttest.axf" - 0 Errors, 3 Warning(s).
Rebuild target 'Target 1'
assembling startup_stm32f10x_md.s...
compiling leddt.c...
USER\leddt.c(93): warning:  #1-D: last line of file ends without a newline
compiling main.c...
USER\main.c(16): warning:  #223-D: function "leddtFirst" declared implicitly
USER\main.c(21): warning:  #111-D: statement is unreachable
compiling stm32f10x_it.c...
compiling SysTick.c...
compiling misc.c...
compiling stm32f10x_exti.c...
compiling stm32f10x_gpio.c...
compiling stm32f10x_rcc.c...
compiling core_cm3.c...
compiling system_stm32f10x.c...
linking...
Program Size: Code=3164 RO-data=268 RW-data=64 ZI-data=1632  
FromELF: creating hex file...
".\leddttest.axf" - 0 Errors, 3 Warning(s).
Rebuild target 'Target 1'
assembling startup_stm32f10x_md.s...
compiling leddt.c...
USER\leddt.c(93): warning:  #1-D: last line of file ends without a newline
compiling main.c...
USER\main.c(15): warning:  #223-D: function "leddtFirst" declared implicitly
USER\main.c(23): warning:  #111-D: statement is unreachable
compiling stm32f10x_it.c...
compiling SysTick.c...
compiling misc.c...
compiling stm32f10x_exti.c...
compiling stm32f10x_gpio.c...
compiling stm32f10x_rcc.c...
compiling core_cm3.c...
compiling system_stm32f10x.c...
linking...
Program Size: Code=3172 RO-data=268 RW-data=64 ZI-data=1632  
FromELF: creating hex file...
".\leddttest.axf" - 0 Errors, 3 Warning(s).
Rebuild target 'Target 1'
assembling startup_stm32f10x_md.s...
compiling leddt.c...
USER\leddt.c(93): warning:  #1-D: last line of file ends without a newline
compiling main.c...
USER\main.c(15): warning:  #223-D: function "leddtSecond" declared implicitly
USER\main.c(18): warning:  #223-D: function "leddtFirst" declared implicitly
USER\main.c(23): warning:  #111-D: statement is unreachable
compiling stm32f10x_it.c...
compiling SysTick.c...
compiling misc.c...
compiling stm32f10x_exti.c...
compiling stm32f10x_gpio.c...
compiling stm32f10x_rcc.c...
compiling core_cm3.c...
compiling system_stm32f10x.c...
linking...
Program Size: Code=3172 RO-data=268 RW-data=64 ZI-data=1632  
FromELF: creating hex file...
".\leddttest.axf" - 0 Errors, 4 Warning(s).
Rebuild target 'Target 1'
assembling startup_stm32f10x_md.s...
compiling leddt.c...
USER\leddt.c(93): warning:  #1-D: last line of file ends without a newline
compiling main.c...
USER\main.c(15): warning:  #223-D: function "leddtSecond" declared implicitly
USER\main.c(18): warning:  #223-D: function "leddtFirst" declared implicitly
USER\main.c(20): warning:  #111-D: statement is unreachable
compiling stm32f10x_it.c...
compiling SysTick.c...
compiling misc.c...
compiling stm32f10x_exti.c...
compiling stm32f10x_gpio.c...
compiling stm32f10x_rcc.c...
compiling core_cm3.c...
compiling system_stm32f10x.c...
linking...
Program Size: Code=3140 RO-data=268 RW-data=48 ZI-data=1632  
FromELF: creating hex file...
".\leddttest.axf" - 0 Errors, 4 Warning(s).
Rebuild target 'Target 1'
assembling startup_stm32f10x_md.s...
compiling leddt.c...
USER\leddt.c(93): warning:  #1-D: last line of file ends without a newline
compiling main.c...
USER\main.c(15): warning:  #223-D: function "leddtSecond" declared implicitly
USER\main.c(18): warning:  #223-D: function "leddtFirst" declared implicitly
USER\main.c(20): warning:  #111-D: statement is unreachable
compiling stm32f10x_it.c...
compiling SysTick.c...
compiling misc.c...
compiling stm32f10x_exti.c...
compiling stm32f10x_gpio.c...
compiling stm32f10x_rcc.c...
compiling core_cm3.c...
compiling system_stm32f10x.c...
linking...
Program Size: Code=3140 RO-data=268 RW-data=48 ZI-data=1632  
FromELF: creating hex file...
".\leddttest.axf" - 0 Errors, 4 Warning(s).
Rebuild target 'Target 1'
assembling startup_stm32f10x_md.s...
compiling leddt.c...
USER\leddt.c(93): warning:  #1-D: last line of file ends without a newline
compiling main.c...
USER\main.c(15): warning:  #223-D: function "leddtSecond" declared implicitly
USER\main.c(18): warning:  #223-D: function "leddtFirst" declared implicitly
USER\main.c(20): warning:  #111-D: statement is unreachable
compiling stm32f10x_it.c...
compiling SysTick.c...
compiling misc.c...
compiling stm32f10x_exti.c...
compiling stm32f10x_gpio.c...
compiling stm32f10x_rcc.c...
compiling core_cm3.c...
compiling system_stm32f10x.c...
linking...
Program Size: Code=3140 RO-data=268 RW-data=48 ZI-data=1632  
FromELF: creating hex file...
".\leddttest.axf" - 0 Errors, 4 Warning(s).
Rebuild target 'Target 1'
assembling startup_stm32f10x_md.s...
compiling leddt.c...
USER\leddt.c(93): warning:  #1-D: last line of file ends without a newline
compiling main.c...
USER\main.c(15): warning:  #223-D: function "leddtSecond" declared implicitly
USER\main.c(18): warning:  #223-D: function "leddtFirst" declared implicitly
USER\main.c(20): warning:  #111-D: statement is unreachable
compiling stm32f10x_it.c...
compiling SysTick.c...
compiling misc.c...
compiling stm32f10x_exti.c...
compiling stm32f10x_gpio.c...
compiling stm32f10x_rcc.c...
compiling core_cm3.c...
compiling system_stm32f10x.c...
linking...
Program Size: Code=3140 RO-data=268 RW-data=48 ZI-data=1632  
FromELF: creating hex file...
".\leddttest.axf" - 0 Errors, 4 Warning(s).
Rebuild target 'Target 1'
assembling startup_stm32f10x_md.s...
compiling leddt.c...
USER\leddt.c(93): warning:  #1-D: last line of file ends without a newline
compiling main.c...
USER\main.c(15): warning:  #223-D: function "leddtSecond" declared implicitly
USER\main.c(18): warning:  #223-D: function "leddtFirst" declared implicitly
USER\main.c(23): warning:  #111-D: statement is unreachable
compiling stm32f10x_it.c...
compiling SysTick.c...
compiling misc.c...
compiling stm32f10x_exti.c...
compiling stm32f10x_gpio.c...
compiling stm32f10x_rcc.c...
compiling core_cm3.c...
compiling system_stm32f10x.c...
linking...
Program Size: Code=3172 RO-data=268 RW-data=64 ZI-data=1632  
FromELF: creating hex file...
".\leddttest.axf" - 0 Errors, 4 Warning(s).
Rebuild target 'Target 1'
assembling startup_stm32f10x_md.s...
compiling leddt.c...
USER\leddt.c(93): warning:  #1-D: last line of file ends without a newline
compiling main.c...
USER\main.c(16): warning:  #223-D: function "leddtFirst" declared implicitly
USER\main.c(18): warning:  #223-D: function "leddtSecond" declared implicitly
USER\main.c(37): warning:  #111-D: statement is unreachable
compiling stm32f10x_it.c...
compiling SysTick.c...
compiling misc.c...
compiling stm32f10x_exti.c...
compiling stm32f10x_gpio.c...
compiling stm32f10x_rcc.c...
compiling core_cm3.c...
compiling system_stm32f10x.c...
linking...
Program Size: Code=3260 RO-data=268 RW-data=64 ZI-data=1632  
FromELF: creating hex file...
".\leddttest.axf" - 0 Errors, 4 Warning(s).
Rebuild target 'Target 1'
assembling startup_stm32f10x_md.s...
compiling leddt.c...
USER\leddt.c(93): warning:  #1-D: last line of file ends without a newline
compiling main.c...
USER\main.c(19): warning:  #223-D: function "leddtFirst" declared implicitly
USER\main.c(21): warning:  #223-D: function "leddtSecond" declared implicitly
USER\main.c(38): warning:  #111-D: statement is unreachable
compiling stm32f10x_it.c...
compiling SysTick.c...
compiling misc.c...
compiling stm32f10x_exti.c...
compiling stm32f10x_gpio.c...
compiling stm32f10x_rcc.c...
compiling core_cm3.c...
compiling system_stm32f10x.c...
linking...
Program Size: Code=3272 RO-data=268 RW-data=64 ZI-data=1632  
FromELF: creating hex file...
".\leddttest.axf" - 0 Errors, 4 Warning(s).
