<html>
<body>
<pre>
<h1>µVision Build Log</h1>
<h2>Project:</h2>
D:\ACSM\sourcex\acsm.uvproj
Project File Date:  10/05/2020

<h2>Output:</h2>
Rebuild target 'acsm'
assembling startup_stm32f10x_md.s...
compiling misc.c...
compiling stm32f10x_exti.c...
compiling stm32f10x_gpio.c...
compiling stm32f10x_rcc.c...
compiling core_cm3.c...
compiling system_stm32f10x.c...
compiling key.c...
compiling leddt.c...
compiling main.c...
USER\main.c(31): warning:  #223-D: function "StopwatchCount" declared implicitly
USER\main.c(17): warning:  #177-D: variable "stopwatchShowFirstHigh" was declared but never referenced
USER\main.c(17): warning:  #177-D: variable "stopwatchShowFirstLow" was declared but never referenced
USER\main.c(17): warning:  #177-D: variable "stopwatchShowSecondHigh" was declared but never referenced
USER\main.c(17): warning:  #177-D: variable "stopwatchShowSecondLow" was declared but never referenced
USER\main.c(18): warning:  #177-D: variable "clocksShowFirstHigh" was declared but never referenced
USER\main.c(18): warning:  #177-D: variable "clocksShowFirstLow" was declared but never referenced
USER\main.c(18): warning:  #177-D: variable "clocksShowSecondHigh" was declared but never referenced
USER\main.c(18): warning:  #177-D: variable "clocksShowSecondLow" was declared but never referenced
compiling stm32f10x_it.c...
compiling SysTick.c...
linking...
Program Size: Code=4600 RO-data=268 RW-data=144 ZI-data=1632  
FromELF: creating hex file...
".\acsm.axf" - 0 Errors, 9 Warning(s).
Rebuild target 'acsm'
assembling startup_stm32f10x_md.s...
compiling misc.c...
compiling stm32f10x_exti.c...
compiling stm32f10x_gpio.c...
compiling stm32f10x_rcc.c...
compiling core_cm3.c...
compiling system_stm32f10x.c...
compiling key.c...
compiling leddt.c...
compiling main.c...
USER\main.c(30): warning:  #223-D: function "StopwatchCount" declared implicitly
compiling stm32f10x_it.c...
compiling SysTick.c...
linking...
Program Size: Code=4688 RO-data=268 RW-data=144 ZI-data=1632  
FromELF: creating hex file...
".\acsm.axf" - 0 Errors, 1 Warning(s).
Rebuild target 'acsm'
assembling startup_stm32f10x_md.s...
compiling misc.c...
compiling stm32f10x_exti.c...
compiling stm32f10x_gpio.c...
compiling stm32f10x_rcc.c...
compiling core_cm3.c...
compiling system_stm32f10x.c...
compiling key.c...
compiling leddt.c...
compiling main.c...
USER\main.c(30): warning:  #223-D: function "StopwatchCount" declared implicitly
compiling stm32f10x_it.c...
compiling SysTick.c...
linking...
Program Size: Code=4712 RO-data=268 RW-data=144 ZI-data=1632  
FromELF: creating hex file...
".\acsm.axf" - 0 Errors, 1 Warning(s).
Rebuild target 'acsm'
assembling startup_stm32f10x_md.s...
compiling misc.c...
compiling stm32f10x_exti.c...
compiling stm32f10x_gpio.c...
compiling stm32f10x_rcc.c...
compiling core_cm3.c...
compiling system_stm32f10x.c...
compiling key.c...
compiling leddt.c...
compiling main.c...
compiling stm32f10x_it.c...
compiling SysTick.c...
linking...
Program Size: Code=4712 RO-data=268 RW-data=144 ZI-data=1632  
FromELF: creating hex file...
".\acsm.axf" - 0 Errors, 0 Warning(s).
