<html>
<body>
<pre>
<h1>µVision Build Log</h1>
<h2>Project:</h2>
C:\Users\Heang\Desktop\source - ¸±±¾\acsm.uvproj
Project File Date:  10/04/2020

<h2>Output:</h2>
Rebuild target 'acsm'
assembling startup_stm32f10x_md.s...
compiling misc.c...
compiling stm32f10x_exti.c...
compiling stm32f10x_gpio.c...
compiling stm32f10x_rcc.c...
compiling core_cm3.c...
compiling system_stm32f10x.c...
compiling key.c...
compiling leddt.c...
USER\leddt.c(93): warning:  #1-D: last line of file ends without a newline
compiling main.c...
compiling stm32f10x_it.c...
compiling SysTick.c...
linking...
Program Size: Code=4180 RO-data=268 RW-data=88 ZI-data=1632  
FromELF: creating hex file...
".\acsm.axf" - 0 Errors, 1 Warning(s).
Rebuild target 'acsm'
assembling startup_stm32f10x_md.s...
compiling misc.c...
compiling stm32f10x_exti.c...
compiling stm32f10x_gpio.c...
compiling stm32f10x_rcc.c...
compiling core_cm3.c...
compiling system_stm32f10x.c...
compiling key.c...
compiling leddt.c...
USER\leddt.c(93): warning:  #1-D: last line of file ends without a newline
compiling main.c...
compiling stm32f10x_it.c...
compiling SysTick.c...
linking...
Program Size: Code=4176 RO-data=268 RW-data=88 ZI-data=1632  
FromELF: creating hex file...
".\acsm.axf" - 0 Errors, 1 Warning(s).
Rebuild target 'acsm'
assembling startup_stm32f10x_md.s...
compiling misc.c...
compiling stm32f10x_exti.c...
compiling stm32f10x_gpio.c...
compiling stm32f10x_rcc.c...
compiling core_cm3.c...
compiling system_stm32f10x.c...
compiling key.c...
compiling leddt.c...
USER\leddt.c(93): warning:  #1-D: last line of file ends without a newline
compiling main.c...
compiling stm32f10x_it.c...
compiling SysTick.c...
linking...
Program Size: Code=4176 RO-data=268 RW-data=88 ZI-data=1632  
FromELF: creating hex file...
".\acsm.axf" - 0 Errors, 1 Warning(s).
Rebuild target 'acsm'
assembling startup_stm32f10x_md.s...
compiling misc.c...
compiling stm32f10x_exti.c...
compiling stm32f10x_gpio.c...
compiling stm32f10x_rcc.c...
compiling core_cm3.c...
compiling system_stm32f10x.c...
compiling key.c...
compiling leddt.c...
USER\leddt.c(93): warning:  #1-D: last line of file ends without a newline
compiling main.c...
compiling stm32f10x_it.c...
compiling SysTick.c...
linking...
Program Size: Code=4200 RO-data=268 RW-data=88 ZI-data=1632  
FromELF: creating hex file...
".\acsm.axf" - 0 Errors, 1 Warning(s).
Rebuild target 'acsm'
assembling startup_stm32f10x_md.s...
compiling misc.c...
compiling stm32f10x_exti.c...
compiling stm32f10x_gpio.c...
compiling stm32f10x_rcc.c...
compiling core_cm3.c...
compiling system_stm32f10x.c...
compiling key.c...
compiling leddt.c...
USER\leddt.c(93): warning:  #1-D: last line of file ends without a newline
compiling main.c...
USER\main.c(16): warning:  #550-D: variable "i" was set but never used
USER\main.c(16): warning:  #177-D: variable "setValue" was declared but never referenced
USER\main.c(16): warning:  #177-D: variable "rightValue" was declared but never referenced
USER\main.c(16): warning:  #177-D: variable "addValue" was declared but never referenced
USER\main.c(16): warning:  #177-D: variable "subValue" was declared but never referenced
USER\main.c(16): warning:  #177-D: variable "enterValue" was declared but never referenced
compiling stm32f10x_it.c...
compiling SysTick.c...
linking...
Program Size: Code=4284 RO-data=268 RW-data=88 ZI-data=1632  
FromELF: creating hex file...
".\acsm.axf" - 0 Errors, 7 Warning(s).
Rebuild target 'acsm'
assembling startup_stm32f10x_md.s...
compiling misc.c...
compiling stm32f10x_exti.c...
compiling stm32f10x_gpio.c...
compiling stm32f10x_rcc.c...
compiling core_cm3.c...
compiling system_stm32f10x.c...
compiling key.c...
compiling leddt.c...
USER\leddt.c(93): warning:  #1-D: last line of file ends without a newline
compiling main.c...
USER\main.c(16): warning:  #177-D: variable "setValue" was declared but never referenced
USER\main.c(16): warning:  #177-D: variable "rightValue" was declared but never referenced
USER\main.c(16): warning:  #177-D: variable "addValue" was declared but never referenced
USER\main.c(16): warning:  #177-D: variable "subValue" was declared but never referenced
USER\main.c(16): warning:  #177-D: variable "enterValue" was declared but never referenced
compiling stm32f10x_it.c...
compiling SysTick.c...
linking...
Program Size: Code=4296 RO-data=268 RW-data=88 ZI-data=1632  
FromELF: creating hex file...
".\acsm.axf" - 0 Errors, 6 Warning(s).
Rebuild target 'acsm'
assembling startup_stm32f10x_md.s...
compiling misc.c...
compiling stm32f10x_exti.c...
compiling stm32f10x_gpio.c...
compiling stm32f10x_rcc.c...
compiling core_cm3.c...
compiling system_stm32f10x.c...
compiling key.c...
compiling leddt.c...
USER\leddt.c(93): warning:  #1-D: last line of file ends without a newline
compiling main.c...
USER\main.c(16): warning:  #177-D: variable "setValue" was declared but never referenced
USER\main.c(16): warning:  #177-D: variable "rightValue" was declared but never referenced
USER\main.c(16): warning:  #177-D: variable "addValue" was declared but never referenced
USER\main.c(16): warning:  #177-D: variable "subValue" was declared but never referenced
USER\main.c(16): warning:  #177-D: variable "enterValue" was declared but never referenced
compiling stm32f10x_it.c...
compiling SysTick.c...
linking...
Program Size: Code=4304 RO-data=268 RW-data=88 ZI-data=1632  
FromELF: creating hex file...
".\acsm.axf" - 0 Errors, 6 Warning(s).
Rebuild target 'acsm'
assembling startup_stm32f10x_md.s...
compiling misc.c...
compiling stm32f10x_exti.c...
compiling stm32f10x_gpio.c...
compiling stm32f10x_rcc.c...
compiling core_cm3.c...
compiling system_stm32f10x.c...
compiling key.c...
compiling leddt.c...
USER\leddt.c(93): warning:  #1-D: last line of file ends without a newline
compiling main.c...
USER\main.c(16): warning:  #177-D: variable "setValue" was declared but never referenced
USER\main.c(16): warning:  #177-D: variable "rightValue" was declared but never referenced
USER\main.c(16): warning:  #177-D: variable "addValue" was declared but never referenced
USER\main.c(16): warning:  #177-D: variable "subValue" was declared but never referenced
USER\main.c(16): warning:  #177-D: variable "enterValue" was declared but never referenced
compiling stm32f10x_it.c...
compiling SysTick.c...
linking...
Program Size: Code=4304 RO-data=268 RW-data=88 ZI-data=1632  
FromELF: creating hex file...
".\acsm.axf" - 0 Errors, 6 Warning(s).
Rebuild target 'acsm'
assembling startup_stm32f10x_md.s...
compiling misc.c...
compiling stm32f10x_exti.c...
compiling stm32f10x_gpio.c...
compiling stm32f10x_rcc.c...
compiling core_cm3.c...
compiling system_stm32f10x.c...
compiling key.c...
compiling leddt.c...
USER\leddt.c(93): warning:  #1-D: last line of file ends without a newline
compiling main.c...
USER\main.c(16): warning:  #177-D: variable "setValue" was declared but never referenced
USER\main.c(16): warning:  #177-D: variable "rightValue" was declared but never referenced
USER\main.c(16): warning:  #177-D: variable "addValue" was declared but never referenced
USER\main.c(16): warning:  #177-D: variable "subValue" was declared but never referenced
USER\main.c(16): warning:  #177-D: variable "enterValue" was declared but never referenced
compiling stm32f10x_it.c...
compiling SysTick.c...
linking...
Program Size: Code=4304 RO-data=268 RW-data=88 ZI-data=1632  
FromELF: creating hex file...
".\acsm.axf" - 0 Errors, 6 Warning(s).
Rebuild target 'acsm'
assembling startup_stm32f10x_md.s...
compiling misc.c...
compiling stm32f10x_exti.c...
compiling stm32f10x_gpio.c...
compiling stm32f10x_rcc.c...
compiling core_cm3.c...
compiling system_stm32f10x.c...
compiling key.c...
compiling leddt.c...
USER\leddt.c(93): warning:  #1-D: last line of file ends without a newline
compiling main.c...
USER\main.c(16): warning:  #177-D: variable "setValue" was declared but never referenced
USER\main.c(16): warning:  #177-D: variable "rightValue" was declared but never referenced
USER\main.c(16): warning:  #177-D: variable "addValue" was declared but never referenced
USER\main.c(16): warning:  #177-D: variable "subValue" was declared but never referenced
USER\main.c(16): warning:  #177-D: variable "enterValue" was declared but never referenced
compiling stm32f10x_it.c...
compiling SysTick.c...
linking...
Program Size: Code=4308 RO-data=268 RW-data=88 ZI-data=1632  
FromELF: creating hex file...
".\acsm.axf" - 0 Errors, 6 Warning(s).
Rebuild target 'acsm'
assembling startup_stm32f10x_md.s...
compiling misc.c...
compiling stm32f10x_exti.c...
compiling stm32f10x_gpio.c...
compiling stm32f10x_rcc.c...
compiling core_cm3.c...
compiling system_stm32f10x.c...
compiling key.c...
compiling leddt.c...
USER\leddt.c(93): warning:  #1-D: last line of file ends without a newline
compiling main.c...
USER\main.c(16): warning:  #177-D: variable "setValue" was declared but never referenced
USER\main.c(16): warning:  #177-D: variable "rightValue" was declared but never referenced
USER\main.c(16): warning:  #177-D: variable "addValue" was declared but never referenced
USER\main.c(16): warning:  #177-D: variable "subValue" was declared but never referenced
USER\main.c(16): warning:  #177-D: variable "enterValue" was declared but never referenced
compiling stm32f10x_it.c...
compiling SysTick.c...
linking...
Program Size: Code=4312 RO-data=268 RW-data=88 ZI-data=1632  
FromELF: creating hex file...
".\acsm.axf" - 0 Errors, 6 Warning(s).
Rebuild target 'acsm'
assembling startup_stm32f10x_md.s...
compiling misc.c...
compiling stm32f10x_exti.c...
compiling stm32f10x_gpio.c...
compiling stm32f10x_rcc.c...
compiling core_cm3.c...
compiling system_stm32f10x.c...
compiling key.c...
compiling leddt.c...
USER\leddt.c(93): warning:  #1-D: last line of file ends without a newline
compiling main.c...
USER\main.c(16): warning:  #177-D: variable "setValue" was declared but never referenced
USER\main.c(16): warning:  #177-D: variable "rightValue" was declared but never referenced
USER\main.c(16): warning:  #177-D: variable "addValue" was declared but never referenced
USER\main.c(16): warning:  #177-D: variable "subValue" was declared but never referenced
USER\main.c(16): warning:  #177-D: variable "enterValue" was declared but never referenced
compiling stm32f10x_it.c...
compiling SysTick.c...
linking...
Program Size: Code=4316 RO-data=268 RW-data=88 ZI-data=1632  
FromELF: creating hex file...
".\acsm.axf" - 0 Errors, 6 Warning(s).
Rebuild target 'acsm'
assembling startup_stm32f10x_md.s...
compiling misc.c...
compiling stm32f10x_exti.c...
compiling stm32f10x_gpio.c...
compiling stm32f10x_rcc.c...
compiling core_cm3.c...
compiling system_stm32f10x.c...
compiling key.c...
compiling leddt.c...
USER\leddt.c(93): warning:  #1-D: last line of file ends without a newline
compiling main.c...
USER\main.c(16): warning:  #177-D: variable "setValue" was declared but never referenced
USER\main.c(16): warning:  #177-D: variable "rightValue" was declared but never referenced
USER\main.c(16): warning:  #177-D: variable "addValue" was declared but never referenced
USER\main.c(16): warning:  #177-D: variable "subValue" was declared but never referenced
USER\main.c(16): warning:  #177-D: variable "enterValue" was declared but never referenced
compiling stm32f10x_it.c...
compiling SysTick.c...
linking...
Program Size: Code=4312 RO-data=268 RW-data=88 ZI-data=1632  
FromELF: creating hex file...
".\acsm.axf" - 0 Errors, 6 Warning(s).
Rebuild target 'acsm'
assembling startup_stm32f10x_md.s...
compiling misc.c...
compiling stm32f10x_exti.c...
compiling stm32f10x_gpio.c...
compiling stm32f10x_rcc.c...
compiling core_cm3.c...
compiling system_stm32f10x.c...
compiling key.c...
compiling leddt.c...
USER\leddt.c(93): warning:  #1-D: last line of file ends without a newline
compiling main.c...
USER\main.c(16): warning:  #177-D: variable "setValue" was declared but never referenced
USER\main.c(16): warning:  #177-D: variable "rightValue" was declared but never referenced
USER\main.c(16): warning:  #177-D: variable "addValue" was declared but never referenced
USER\main.c(16): warning:  #177-D: variable "subValue" was declared but never referenced
USER\main.c(16): warning:  #177-D: variable "enterValue" was declared but never referenced
compiling stm32f10x_it.c...
compiling SysTick.c...
linking...
Program Size: Code=4312 RO-data=268 RW-data=88 ZI-data=1632  
FromELF: creating hex file...
".\acsm.axf" - 0 Errors, 6 Warning(s).
Rebuild target 'acsm'
assembling startup_stm32f10x_md.s...
compiling misc.c...
compiling stm32f10x_exti.c...
compiling stm32f10x_gpio.c...
compiling stm32f10x_rcc.c...
compiling core_cm3.c...
compiling system_stm32f10x.c...
compiling key.c...
compiling leddt.c...
USER\leddt.c(93): warning:  #1-D: last line of file ends without a newline
compiling main.c...
USER\main.c(16): warning:  #177-D: variable "setValue" was declared but never referenced
USER\main.c(16): warning:  #177-D: variable "rightValue" was declared but never referenced
USER\main.c(16): warning:  #177-D: variable "addValue" was declared but never referenced
USER\main.c(16): warning:  #177-D: variable "subValue" was declared but never referenced
USER\main.c(16): warning:  #177-D: variable "enterValue" was declared but never referenced
USER\main.c(18): warning:  #177-D: variable "stopwatchShowFirstHigh" was declared but never referenced
USER\main.c(18): warning:  #177-D: variable "stopwatchShowFirstLow" was declared but never referenced
USER\main.c(18): warning:  #177-D: variable "stopwatchShowSecondHigh" was declared but never referenced
USER\main.c(18): warning:  #177-D: variable "stopwatchShowSecondLow" was declared but never referenced
USER\main.c(19): warning:  #177-D: variable "clocksShowFirstHigh" was declared but never referenced
USER\main.c(19): warning:  #177-D: variable "clocksShowFirstLow" was declared but never referenced
USER\main.c(19): warning:  #177-D: variable "clocksShowSecondHigh" was declared but never referenced
USER\main.c(19): warning:  #177-D: variable "clocksShowSecondLow" was declared but never referenced
compiling stm32f10x_it.c...
compiling SysTick.c...
USER\SysTick.c(13): error:  #148: variable "clocksInterruptCount" has already been initialized
USER\SysTick.c(14): error:  #148: variable "clocksSecOnesCount" has already been initialized
USER\SysTick.c(15): error:  #148: variable "clocksSecTensCount" has already been initialized
USER\SysTick.c(16): error:  #148: variable "clocksHrOnesCount" has already been initialized
USER\SysTick.c(17): error:  #148: variable "clocksHrTensCount" has already been initialized
USER\SysTick.c(18): error:  #148: variable "clocksMinOnesCount" has already been initialized
USER\SysTick.c(19): error:  #148: variable "clocksMinTensCount" has already been initialized
".\acsm.axf" - 7 Errors, 14 Warning(s).
Target not created
*** Note: 'Create Batch File' is active - using 'Rebuild'.
Rebuild target 'acsm'
assembling startup_stm32f10x_md.s...
compiling misc.c...
compiling stm32f10x_exti.c...
compiling stm32f10x_gpio.c...
compiling stm32f10x_rcc.c...
compiling core_cm3.c...
compiling system_stm32f10x.c...
compiling key.c...
compiling leddt.c...
USER\leddt.c(93): warning:  #1-D: last line of file ends without a newline
compiling main.c...
USER\main.c(16): warning:  #177-D: variable "setValue" was declared but never referenced
USER\main.c(16): warning:  #177-D: variable "rightValue" was declared but never referenced
USER\main.c(16): warning:  #177-D: variable "addValue" was declared but never referenced
USER\main.c(16): warning:  #177-D: variable "subValue" was declared but never referenced
USER\main.c(16): warning:  #177-D: variable "enterValue" was declared but never referenced
USER\main.c(18): warning:  #177-D: variable "stopwatchShowFirstHigh" was declared but never referenced
USER\main.c(18): warning:  #177-D: variable "stopwatchShowFirstLow" was declared but never referenced
USER\main.c(18): warning:  #177-D: variable "stopwatchShowSecondHigh" was declared but never referenced
USER\main.c(18): warning:  #177-D: variable "stopwatchShowSecondLow" was declared but never referenced
USER\main.c(19): warning:  #177-D: variable "clocksShowFirstHigh" was declared but never referenced
USER\main.c(19): warning:  #177-D: variable "clocksShowFirstLow" was declared but never referenced
USER\main.c(19): warning:  #177-D: variable "clocksShowSecondHigh" was declared but never referenced
USER\main.c(19): warning:  #177-D: variable "clocksShowSecondLow" was declared but never referenced
compiling stm32f10x_it.c...
compiling SysTick.c...
linking...
Program Size: Code=4336 RO-data=268 RW-data=116 ZI-data=1636  
FromELF: creating hex file...
".\acsm.axf" - 0 Errors, 14 Warning(s).
Rebuild target 'acsm'
assembling startup_stm32f10x_md.s...
compiling misc.c...
compiling stm32f10x_exti.c...
compiling stm32f10x_gpio.c...
compiling stm32f10x_rcc.c...
compiling core_cm3.c...
compiling system_stm32f10x.c...
compiling key.c...
compiling leddt.c...
compiling main.c...
USER\main.c(16): warning:  #177-D: variable "setValue" was declared but never referenced
USER\main.c(16): warning:  #177-D: variable "rightValue" was declared but never referenced
USER\main.c(16): warning:  #177-D: variable "addValue" was declared but never referenced
USER\main.c(16): warning:  #177-D: variable "subValue" was declared but never referenced
USER\main.c(16): warning:  #177-D: variable "enterValue" was declared but never referenced
USER\main.c(18): warning:  #177-D: variable "stopwatchShowFirstHigh" was declared but never referenced
USER\main.c(18): warning:  #177-D: variable "stopwatchShowFirstLow" was declared but never referenced
USER\main.c(18): warning:  #177-D: variable "stopwatchShowSecondHigh" was declared but never referenced
USER\main.c(18): warning:  #177-D: variable "stopwatchShowSecondLow" was declared but never referenced
USER\main.c(19): warning:  #177-D: variable "clocksShowFirstHigh" was declared but never referenced
USER\main.c(19): warning:  #177-D: variable "clocksShowFirstLow" was declared but never referenced
USER\main.c(19): warning:  #177-D: variable "clocksShowSecondHigh" was declared but never referenced
USER\main.c(19): warning:  #177-D: variable "clocksShowSecondLow" was declared but never referenced
compiling stm32f10x_it.c...
compiling SysTick.c...
linking...
Program Size: Code=4336 RO-data=268 RW-data=116 ZI-data=1636  
FromELF: creating hex file...
".\acsm.axf" - 0 Errors, 13 Warning(s).
Rebuild target 'acsm'
assembling startup_stm32f10x_md.s...
compiling misc.c...
compiling stm32f10x_exti.c...
compiling stm32f10x_gpio.c...
compiling stm32f10x_rcc.c...
compiling core_cm3.c...
compiling system_stm32f10x.c...
compiling key.c...
compiling leddt.c...
compiling main.c...
USER\main.c(32): warning:  #223-D: function "StopwatchCount" declared implicitly
USER\main.c(16): warning:  #177-D: variable "setValue" was declared but never referenced
USER\main.c(16): warning:  #177-D: variable "rightValue" was declared but never referenced
USER\main.c(16): warning:  #177-D: variable "addValue" was declared but never referenced
USER\main.c(16): warning:  #177-D: variable "subValue" was declared but never referenced
USER\main.c(16): warning:  #177-D: variable "enterValue" was declared but never referenced
USER\main.c(18): warning:  #177-D: variable "stopwatchShowFirstHigh" was declared but never referenced
USER\main.c(18): warning:  #177-D: variable "stopwatchShowFirstLow" was declared but never referenced
USER\main.c(18): warning:  #177-D: variable "stopwatchShowSecondHigh" was declared but never referenced
USER\main.c(18): warning:  #177-D: variable "stopwatchShowSecondLow" was declared but never referenced
USER\main.c(19): warning:  #177-D: variable "clocksShowFirstHigh" was declared but never referenced
USER\main.c(19): warning:  #177-D: variable "clocksShowFirstLow" was declared but never referenced
USER\main.c(19): warning:  #177-D: variable "clocksShowSecondHigh" was declared but never referenced
USER\main.c(19): warning:  #177-D: variable "clocksShowSecondLow" was declared but never referenced
compiling stm32f10x_it.c...
compiling SysTick.c...
linking...
Program Size: Code=4540 RO-data=268 RW-data=116 ZI-data=1636  
FromELF: creating hex file...
".\acsm.axf" - 0 Errors, 14 Warning(s).
