<html>
<body>
<pre>
<h1>µVision Build Log</h1>
<h2>Project:</h2>
C:\Users\Heang\Documents\acsm\sourcey\acsm.uvproj
Project File Date:  10/06/2020

<h2>Output:</h2>
Rebuild target 'acsm'
assembling startup_stm32f10x_md.s...
compiling misc.c...
compiling stm32f10x_exti.c...
compiling stm32f10x_gpio.c...
compiling stm32f10x_rcc.c...
compiling core_cm3.c...
compiling system_stm32f10x.c...
compiling key.c...
compiling leddt.c...
compiling main.c...
compiling stm32f10x_it.c...
compiling SysTick.c...
compiling uln2003.c...
USER\uln2003.c(43): warning:  #1-D: last line of file ends without a newline
linking...
Program Size: Code=3340 RO-data=268 RW-data=88 ZI-data=1632  
FromELF: creating hex file...
".\acsm.axf" - 0 Errors, 1 Warning(s).
Rebuild target 'acsm'
assembling startup_stm32f10x_md.s...
compiling misc.c...
compiling stm32f10x_exti.c...
compiling stm32f10x_gpio.c...
compiling stm32f10x_rcc.c...
compiling core_cm3.c...
compiling system_stm32f10x.c...
compiling key.c...
compiling leddt.c...
compiling main.c...
compiling stm32f10x_it.c...
compiling SysTick.c...
compiling uln2003.c...
linking...
Program Size: Code=3340 RO-data=268 RW-data=88 ZI-data=1632  
FromELF: creating hex file...
".\acsm.axf" - 0 Errors, 0 Warning(s).
Rebuild target 'acsm'
assembling startup_stm32f10x_md.s...
compiling misc.c...
compiling stm32f10x_exti.c...
compiling stm32f10x_gpio.c...
compiling stm32f10x_rcc.c...
compiling core_cm3.c...
compiling system_stm32f10x.c...
compiling key.c...
compiling leddt.c...
compiling main.c...
compiling stm32f10x_it.c...
compiling SysTick.c...
compiling uln2003.c...
linking...
Program Size: Code=3340 RO-data=268 RW-data=88 ZI-data=1632  
FromELF: creating hex file...
".\acsm.axf" - 0 Errors, 0 Warning(s).
Rebuild target 'acsm'
assembling startup_stm32f10x_md.s...
compiling misc.c...
compiling stm32f10x_exti.c...
compiling stm32f10x_gpio.c...
compiling stm32f10x_rcc.c...
compiling core_cm3.c...
compiling system_stm32f10x.c...
compiling key.c...
compiling leddt.c...
compiling main.c...
compiling stm32f10x_it.c...
compiling SysTick.c...
compiling uln2003.c...
linking...
Program Size: Code=3336 RO-data=268 RW-data=88 ZI-data=1632  
FromELF: creating hex file...
".\acsm.axf" - 0 Errors, 0 Warning(s).
Rebuild target 'acsm'
assembling startup_stm32f10x_md.s...
compiling misc.c...
compiling stm32f10x_exti.c...
compiling stm32f10x_gpio.c...
compiling stm32f10x_rcc.c...
compiling core_cm3.c...
compiling system_stm32f10x.c...
compiling key.c...
compiling leddt.c...
compiling main.c...
compiling stm32f10x_it.c...
compiling SysTick.c...
compiling uln2003.c...
linking...
Program Size: Code=3340 RO-data=268 RW-data=88 ZI-data=1632  
FromELF: creating hex file...
".\acsm.axf" - 0 Errors, 0 Warning(s).
Rebuild target 'acsm'
assembling startup_stm32f10x_md.s...
compiling misc.c...
compiling stm32f10x_exti.c...
compiling stm32f10x_gpio.c...
compiling stm32f10x_rcc.c...
compiling core_cm3.c...
compiling system_stm32f10x.c...
compiling key.c...
compiling leddt.c...
compiling main.c...
compiling stm32f10x_it.c...
compiling SysTick.c...
compiling uln2003.c...
linking...
Program Size: Code=3340 RO-data=268 RW-data=88 ZI-data=1632  
FromELF: creating hex file...
".\acsm.axf" - 0 Errors, 0 Warning(s).
Rebuild target 'acsm'
assembling startup_stm32f10x_md.s...
compiling misc.c...
compiling stm32f10x_exti.c...
compiling stm32f10x_gpio.c...
compiling stm32f10x_rcc.c...
compiling core_cm3.c...
compiling system_stm32f10x.c...
compiling key.c...
compiling leddt.c...
compiling main.c...
compiling stm32f10x_it.c...
compiling SysTick.c...
compiling uln2003.c...
linking...
Program Size: Code=3340 RO-data=268 RW-data=88 ZI-data=1632  
FromELF: creating hex file...
".\acsm.axf" - 0 Errors, 0 Warning(s).
Rebuild target 'acsm'
assembling startup_stm32f10x_md.s...
compiling misc.c...
compiling stm32f10x_exti.c...
compiling stm32f10x_gpio.c...
compiling stm32f10x_rcc.c...
compiling core_cm3.c...
compiling system_stm32f10x.c...
compiling key.c...
compiling leddt.c...
compiling main.c...
compiling stm32f10x_it.c...
compiling SysTick.c...
compiling uln2003.c...
linking...
Program Size: Code=3340 RO-data=268 RW-data=88 ZI-data=1632  
FromELF: creating hex file...
".\acsm.axf" - 0 Errors, 0 Warning(s).
